<?xml version="1.0" encoding="utf-8"?><testsuites><testsuite name="pytest" errors="0" failures="0" skipped="0" tests="1" time="0.119" timestamp="2021-06-09T17:07:21.916645" hostname="zmtnb0003.fritz.box"><testcase classname="tests.test_cli" name="test_cli_template" time="0.002" /></testsuite></testsuites>